Error type 1 at Line 4: a variable is used without a definition
Error type 1 at Line 4: a variable is used without a definition
Error type 1 at Line 8: a variable is used without a definition
Error type 1 at Line 8: a variable is used without a definition
Error type 8 at Line 10: a functionâ€™s return value type mismatches the declared type
