Error type 9 at Line 8: a functionâ€™s arguments mismatch the declared parameters
